../Src/main.c:136:5:main	8	static
../Src/main.c:172:6:idle_task_handler	4	static
../Src/main.c:178:6:task1_handler	4	static
../Src/main.c:186:6:task2_handler	4	static
../Src/main.c:194:6:task3_handler	4	static
../Src/main.c:202:6:task4_handler	4	static
../Src/main.c:219:6:init_systick_timer	32	static
../Src/main.c:260:29:init_scheduler_stack	0	static,ignoring_inline_asm
../Src/main.c:297:6:init_task_stack	24	static
../Src/main.c:373:6:enable_processor_faults	16	static
../Src/main.c:394:10:get_psp_value	4	static
../Src/main.c:410:6:save_psp_value	16	static
../Src/main.c:425:6:update_next_task	16	static
../Src/main.c:466:6:schedule	16	static
../Src/main.c:495:6:task_Delay	16	static,ignoring_inline_asm
../Src/main.c:529:30:switch_sp_to_psp	0	static,ignoring_inline_asm
../Src/main.c:582:30:PendSV_Handler	0	static,ignoring_inline_asm
../Src/main.c:644:6:update_global_tick_count	4	static
../Src/main.c:659:6:unblock_task	16	static
../Src/main.c:692:6:SysTick_Handler	16	static
../Src/main.c:710:6:HardFault_Handler	8	static
../Src/main.c:716:6:MemManage_Handler	8	static
../Src/main.c:722:6:BusFault_Handler	8	static
../Src/main.c:728:6:UsageFault_Handler	8	static
